---
source: snapshot/src/lib.rs
expression: similar
---
[]
