---
source: snapshot/src/lib.rs
description: Where Did All the Fun Go?  And How to Bring it Back with FOSS!
info: "../shared/data/model"
---
- distance: 0.48185584450340074
  rounded_distance: 0.48
  rank_in_search: 1
  event_id: 1711
  event_title: "[Ending] It's all about the email. Ugh, what?"
- distance: 0.49160805298154353
  rounded_distance: 0.49
  rank_in_search: 3
  event_id: 1776
  event_title: Journey to an open source contribution
- distance: 0.49154388523928616
  rounded_distance: 0.49
  rank_in_search: 2
  event_id: 1808
  event_title: How to Chart your own Career Path in Open Source - Panel Discussion
- distance: 0.5067876017267963
  rounded_distance: 0.51
  rank_in_search: 11
  event_id: 1830
  event_title: 20 Years of Open Source building XWiki and CryptPad
- distance: 0.4933263650810235
  rounded_distance: 0.49
  rank_in_search: 4
  event_id: 2029
  event_title: "Open Source in 2024: boundaries, burnout, business"
- distance: 0.5025012809026832
  rounded_distance: 0.5
  rank_in_search: 10
  event_id: 2305
  event_title: "Open source leadership at scale, how 1300+ people improved Drupalâ€™s multilingual features"
- distance: 0.511969246229044
  rounded_distance: 0.51
  rank_in_search: 17
  event_id: 2310
  event_title: Meritocracy or Do-ocracy - why diversity is still hard and what can we do
- distance: 0.4940026916055503
  rounded_distance: 0.49
  rank_in_search: 5
  event_id: 2328
  event_title: "Cracking the Code to Executive Support: Open Source Edition"
- distance: 0.5084979876724927
  rounded_distance: 0.51
  rank_in_search: 13
  event_id: 2741
  event_title: Take Your FOSS Project From Surviving To Thriving
- distance: 0.5146042589879563
  rounded_distance: 0.51
  rank_in_search: 19
  event_id: 3023
  event_title: Welcome to FOSDEM 2024
- distance: 0.5114524852415264
  rounded_distance: 0.51
  rank_in_search: 16
  event_id: 3113
  event_title: RHEL and CentOS and the growth of openwashing in FOSS
- distance: 0.49535694033547173
  rounded_distance: 0.5
  rank_in_search: 6
  event_id: 3163
  event_title: "Copyleft and the GPL: Finding the Path Forward to Defend our Software Right to Repair"
- distance: 0.5081329272281675
  rounded_distance: 0.51
  rank_in_search: 12
  event_id: 3254
  event_title: The State of OpenJDK
- distance: 0.5094466384407168
  rounded_distance: 0.51
  rank_in_search: 14
  event_id: 3537
  event_title: Open Source Community Updates
- distance: 0.4486985948126195
  rounded_distance: 0.45
  rank_in_search: 0
  event_id: 3544
  event_title: "Defend FOSS: From innovation to world-wide positive change"
- distance: 0.497638266054239
  rounded_distance: 0.5
  rank_in_search: 9
  event_id: 3610
  event_title: "Unpack Phabricator, Welcome Phorge - Forking the Opinionated Open Source Project Manager"
- distance: 0.49705645569927914
  rounded_distance: 0.5
  rank_in_search: 8
  event_id: 3639
  event_title: Roundtable Round-Off on FOSS CMS Collaboration
- distance: 0.513444366984524
  rounded_distance: 0.51
  rank_in_search: 18
  event_id: 3671
  event_title: "Compliance as a Community Effort: Engaging Contributors and Users"
- distance: 0.5111349836304504
  rounded_distance: 0.51
  rank_in_search: 15
  event_id: 3717
  event_title: "FOSS policy engagement: panel"
- distance: 0.4967790183625802
  rounded_distance: 0.5
  rank_in_search: 7
  event_id: 3723
  event_title: FOSDEM 2024 Highlights
